// Jest Snapshot v1, https://goo.gl/fbAQLP

exports[`Test on <GifApp /> should match snapshot 1`] = `
<div>
  <h1>
    Gif App
  </h1>
  <form
    aria-label="form"
  >
    <input
      placeholder="Buscar Gif"
      type="text"
      value=""
    />
  </form>
  <button>
    Agregar
  </button>
  <ol>
    <h3>
      One Punch
    </h3>
    <h2>
      Cargando...
    </h2>
    <div
      class="card-grid"
    />
    <h3>
      Dragon Ball
    </h3>
    <h2>
      Cargando...
    </h2>
    <div
      class="card-grid"
    />
  </ol>
</div>
`;
